# Results

Median of three runs. Generated by `harness/report.py` — do not edit by hand.

## Environment

```
host          Darwin arm64, 15 CPUs visible to Docker
kernel        Linux 6.17.8-orbstack-00308-g8f9c941121b1 (containers)
docker        28.5.2
mysql         8.4.11
ruby          ruby 3.4.10 (2026-06-30 revision 2b0b7728dc) +PRISM [aarch64-linux]
rails         8.1.3.1 / puma 6.6.1 / mysql2 0.5.7
node          v24.20.0 / express 4.21.2 / sequelize 6.37.5
python        Python 3.13.15 / django 5.1.5 / gunicorn gunicorn (version 23.0.0)
go            golang:1.25-bookworm / gin v1.10.1 / gorm v1.25.12
```

## Mode `single` — 1.0 CPU, concurrency 8, 3 runs

### `GET /api/posts` — 20 posts + authors + tags

| stack | what it is | rps | spread | CPU ms/req | cores used | p50 ms | p99 ms | mem MB |
|---|---|--:|--:|--:|--:|--:|--:|--:|
| **rails** | Rails 8 + Active Record | 585.5 | ±6.9% | 1.130 | 0.67 | 1.45 | 108.65 | 105.4 |
| **rails-noyjit** | Rails 8 + Active Record | 336.3 | ±1.9% | 2.092 | 0.70 | 2.50 | 188.22 | 92.5 |
| **rails-bare** | Rack + raw SQL | 2,986.2 | ±3.8% | 0.144 | 0.41 | 0.27 | 22.01 | 45.1 |
| **node** | Express + Sequelize | 1,709.7 | ±2.5% | 0.458 | 0.78 | 4.63 | 6.74 | 125.0 |
| **node-bare** | node:http + raw SQL | 3,965.8 | ±8.1% | 0.232 | 0.92 | 1.92 | 3.40 | 91.0 |
| **python** | Django + Django ORM | 625.6 | ±5.9% | 1.383 | 0.88 | 12.70 | 19.87 | 71.1 |
| **python-bare** | WSGI + raw SQL | 2,726.9 | ±1.1% | 0.223 | 0.61 | 2.92 | 3.24 | 27.5 |
| **go** | Gin + GORM | 3,423.9 | ±1.4% | 0.273 | 0.94 | 2.27 | 4.18 | 20.2 |
| **go-bare** | net/http + database/sql | 6,525.6 | ±3.6% | 0.138 | 0.91 | 1.14 | 2.83 | 11.9 |

### `GET /api/posts/:id` — post + 20 comments + authors

| stack | what it is | rps | spread | CPU ms/req | cores used | p50 ms | p99 ms | mem MB |
|---|---|--:|--:|--:|--:|--:|--:|--:|
| **rails** | Rails 8 + Active Record | 820.7 | ±3.4% | 0.793 | 0.64 | 1.04 | 80.01 | 105.4 |
| **rails-noyjit** | Rails 8 + Active Record | 497.4 | ±4.2% | 1.498 | 0.74 | 1.76 | 132.47 | 92.5 |
| **rails-bare** | Rack + raw SQL | 4,465.9 | ±4.8% | 0.099 | 0.43 | 0.17 | 14.74 | 45.1 |
| **node** | Express + Sequelize | 2,479.3 | ±3.4% | 0.318 | 0.79 | 3.22 | 3.76 | 125.0 |
| **node-bare** | node:http + raw SQL | 7,849.5 | ±0.2% | 0.127 | 1.00 | 0.97 | 1.56 | 91.0 |
| **python** | Django + Django ORM | 948.1 | ±3.9% | 0.926 | 0.88 | 8.26 | 9.87 | 71.1 |
| **python-bare** | WSGI + raw SQL | 2,655.8 | ±19.0% | 0.219 | 0.58 | 2.36 | 4.20 | 27.5 |
| **go** | Gin + GORM | 8,429.4 | ±1.6% | 0.118 | 0.99 | 0.89 | 1.73 | 20.2 |
| **go-bare** | net/http + database/sql | 10,463.0 | ±0.7% | 0.095 | 0.99 | 0.75 | 1.08 | 11.9 |

### `POST /api/comments` — validate, insert, bump counter

| stack | what it is | rps | spread | CPU ms/req | cores used | p50 ms | p99 ms | mem MB |
|---|---|--:|--:|--:|--:|--:|--:|--:|
| **rails** | Rails 8 + Active Record | 2,259.4 | ±1.2% | 0.281 | 0.63 | 0.34 | 28.62 | 105.4 |
| **rails-noyjit** | Rails 8 + Active Record | 1,333.0 | ±2.5% | 0.546 | 0.73 | 0.61 | 47.91 | 92.5 |
| **rails-bare** | Rack + raw SQL | 6,422.2 | ±3.8% | 0.045 | 0.29 | 0.09 | 9.40 | 45.1 |
| **node** | Express + Sequelize | 5,097.8 | ±0.7% | 0.144 | 0.73 | 1.52 | 2.17 | 125.0 |
| **node-bare** | node:http + raw SQL | 9,024.2 | ±0.8% | 0.064 | 0.57 | 0.83 | 1.49 | 91.0 |
| **python** | Django + Django ORM | 2,509.6 | ±1.9% | 0.343 | 0.87 | 3.10 | 4.38 | 71.1 |
| **python-bare** | WSGI + raw SQL | 5,696.2 | ±1.7% | 0.123 | 0.70 | 1.36 | 1.87 | 27.5 |
| **go** | Gin + GORM | 9,655.4 | ±0.3% | 0.046 | 0.45 | 0.77 | 1.66 | 20.2 |
| **go-bare** | net/http + database/sql | 10,393.1 | ±2.3% | 0.039 | 0.40 | 0.72 | 1.61 | 11.9 |

### The magic tax in `single` — framework + ORM, everything else held equal

| runtime | pair | throughput | CPU per request | memory | boot time |
|---|---|--:|--:|--:|--:|
| Ruby | `rails` ÷ `rails-bare` | ÷5.1 | ×7.87 | ×2.34 | ×3.03 |
| Node | `node` ÷ `node-bare` | ÷2.32 | ×1.98 | ×1.37 | ×1.01 |
| Python | `python` ÷ `python-bare` | ÷4.36 | ×6.2 | ×2.59 | ×1.0 |
| Go | `go` ÷ `go-bare` | ÷1.91 | ×1.98 | ×1.7 | ×1.03 |

## Mode `tuned` — 2.0 CPU, concurrency 50, 3 runs

### `GET /api/posts` — 20 posts + authors + tags

| stack | what it is | rps | spread | CPU ms/req | cores used | p50 ms | p99 ms | mem MB |
|---|---|--:|--:|--:|--:|--:|--:|--:|
| **rails** | Rails 8 + Active Record | 866.4 | ±3.4% | 1.764 | 1.54 | 10.54 | 468.96 | 217.6 |
| **rails-bare** | Rack + raw SQL | 3,598.8 | ±12.2% | 0.372 | 1.33 | 1.81 | 160.56 | 96.1 |
| **node** | Express + Sequelize | 2,273.1 | ±31.5% | 0.621 | 1.46 | 14.81 | 68.92 | 293.0 |
| **node-bare** | node:http + raw SQL | 2,077.9 | ±95.9% | 0.328 | 0.70 | 13.93 | 76.09 | 192.9 |
| **python** | Django + Django ORM | 1,140.3 | ±0.6% | 1.752 | 2.00 | 44.41 | 77.31 | 118.9 |
| **python-bare** | WSGI + raw SQL | 5,021.1 | ±9.9% | 0.396 | 2.00 | 9.37 | 25.27 | 39.8 |
| **go** | Gin + GORM | 5,110.6 | ±0.0% | 0.292 | 1.49 | 9.20 | 27.99 | 22.8 |
| **go-bare** | net/http + database/sql | 6,383.6 | ±30.0% | 0.212 | 1.24 | 7.76 | 53.66 | 14.5 |

### `GET /api/posts/:id` — post + 20 comments + authors

| stack | what it is | rps | spread | CPU ms/req | cores used | p50 ms | p99 ms | mem MB |
|---|---|--:|--:|--:|--:|--:|--:|--:|
| **rails** | Rails 8 + Active Record | 1,608.9 | ±2.1% | 1.044 | 1.68 | 5.38 | 259.55 | 217.6 |
| **rails-bare** | Rack + raw SQL | 7,054.8 | ±0.5% | 0.207 | 1.46 | 0.91 | 125.88 | 96.1 |
| **node** | Express + Sequelize | 4,931.6 | ±3.6% | 0.344 | 1.71 | 10.46 | 14.33 | 293.0 |
| **node-bare** | node:http + raw SQL | 12,694.4 | ±17.2% | 0.139 | 1.82 | 3.74 | 5.93 | 192.9 |
| **python** | Django + Django ORM | 1,639.0 | ±0.4% | 1.220 | 2.00 | 29.61 | 40.30 | 118.9 |
| **python-bare** | WSGI + raw SQL | 5,418.9 | ±0.7% | 0.369 | 2.00 | 7.71 | 32.39 | 39.8 |
| **go** | Gin + GORM | 9,489.1 | ±0.8% | 0.130 | 1.23 | 4.01 | 23.69 | 22.8 |
| **go-bare** | net/http + database/sql | 13,252.0 | ±6.8% | 0.125 | 1.66 | 3.34 | 17.00 | 14.5 |

### `POST /api/comments` — validate, insert, bump counter

| stack | what it is | rps | spread | CPU ms/req | cores used | p50 ms | p99 ms | mem MB |
|---|---|--:|--:|--:|--:|--:|--:|--:|
| **rails** | Rails 8 + Active Record | 3,609.4 | ±0.9% | 0.379 | 1.37 | 2.06 | 149.21 | 217.6 |
| **rails-bare** | Rack + raw SQL | 11,549.2 | ±0.9% | 0.077 | 0.91 | 0.57 | 110.02 | 96.1 |
| **node** | Express + Sequelize | 8,778.9 | ±2.8% | 0.161 | 1.41 | 5.37 | 10.45 | 293.0 |
| **node-bare** | node:http + raw SQL | 11,456.3 | ±2.9% | 0.084 | 0.98 | 4.16 | 8.20 | 192.9 |
| **python** | Django + Django ORM | 4,180.5 | ±0.3% | 0.446 | 1.87 | 11.25 | 21.89 | 118.9 |
| **python-bare** | WSGI + raw SQL | 8,774.5 | ±0.7% | 0.207 | 1.82 | 5.53 | 11.66 | 39.8 |
| **go** | Gin + GORM | 10,997.8 | ±4.3% | 0.070 | 0.74 | 4.32 | 9.02 | 22.8 |
| **go-bare** | net/http + database/sql | 10,700.9 | ±1.6% | 0.061 | 0.65 | 4.42 | 10.38 | 14.5 |

### The magic tax in `tuned` — framework + ORM, everything else held equal

| runtime | pair | throughput | CPU per request | memory | boot time |
|---|---|--:|--:|--:|--:|
| Ruby | `rails` ÷ `rails-bare` | ÷4.15 | ×4.74 | ×2.26 | ×2.99 |
| Node | `node` ÷ `node-bare` | ÷0.91 | ×1.89 | ×1.52 | ×1.95 |
| Python | `python` ÷ `python-bare` | ÷4.4 | ×4.43 | ×2.99 | ×1.01 |
| Go | `go` ÷ `go-bare` | ÷1.25 | ×1.38 | ×1.57 | ×0.99 |

## Warnings

```
rails/list: rps spread ±6.9% across 3 runs
rails/probe_pluck: rps spread ±5.1% across 3 runs
node-bare/list: rps spread ±8.1% across 3 runs
python/list: rps spread ±5.9% across 3 runs
python-bare/detail: rps spread ±19.0% across 3 runs
rails-bare/list: rps spread ±12.2% across 3 runs
node/list: rps spread ±31.5% across 3 runs
node-bare/list: rps spread ±95.9% across 3 runs
node-bare/detail: rps spread ±17.2% across 3 runs
python-bare/list: rps spread ±9.9% across 3 runs
go-bare/list: rps spread ±30.0% across 3 runs
go-bare/detail: rps spread ±6.8% across 3 runs
```

